Archive member included because of file (symbol)

c:/freescale/kds_v3/toolchain/bin/../lib/gcc/arm-none-eabi/4.8.4/../../../../arm-none-eabi/lib/armv7e-m\libg_s.a(lib_a-exit.o)
                              c:/freescale/kds_v3/toolchain/bin/../lib/gcc/arm-none-eabi/4.8.4/../../../../arm-none-eabi/lib/armv7e-m/crt0.o (exit)
c:/freescale/kds_v3/toolchain/bin/../lib/gcc/arm-none-eabi/4.8.4/../../../../arm-none-eabi/lib/armv7e-m\libg_s.a(lib_a-impure.o)
                              c:/freescale/kds_v3/toolchain/bin/../lib/gcc/arm-none-eabi/4.8.4/../../../../arm-none-eabi/lib/armv7e-m\libg_s.a(lib_a-exit.o) (_global_impure_ptr)
c:/freescale/kds_v3/toolchain/bin/../lib/gcc/arm-none-eabi/4.8.4/../../../../arm-none-eabi/lib/armv7e-m\libg_s.a(lib_a-init.o)
                              c:/freescale/kds_v3/toolchain/bin/../lib/gcc/arm-none-eabi/4.8.4/../../../../arm-none-eabi/lib/armv7e-m/crt0.o (__libc_init_array)
c:/freescale/kds_v3/toolchain/bin/../lib/gcc/arm-none-eabi/4.8.4/../../../../arm-none-eabi/lib/armv7e-m\libg_s.a(lib_a-memset.o)
                              c:/freescale/kds_v3/toolchain/bin/../lib/gcc/arm-none-eabi/4.8.4/../../../../arm-none-eabi/lib/armv7e-m/crt0.o (memset)
c:/freescale/kds_v3/toolchain/bin/../lib/gcc/arm-none-eabi/4.8.4/../../../../arm-none-eabi/lib/armv7e-m\libnosys.a(_exit.o)
                              c:/freescale/kds_v3/toolchain/bin/../lib/gcc/arm-none-eabi/4.8.4/../../../../arm-none-eabi/lib/armv7e-m\libg_s.a(lib_a-exit.o) (_exit)

Allocating common symbols
Common symbol       size              file

ASerialLdd1_DeviceDataPtr
                    0x4               ./Generated_Code/Inhr1.o
IntI2cLdd1_DeviceDataPtr
                    0x4               ./Generated_Code/CI2C1.o
SR_reg              0x1               ./Generated_Code/Cpu.o
CI2C1_SndRcvTemp    0x2               ./Generated_Code/CI2C1.o

Discarded input sections

 .text          0x00000000        0x0 c:/freescale/kds_v3/toolchain/bin/../lib/gcc/arm-none-eabi/4.8.4/armv7e-m/crti.o
 .data          0x00000000        0x0 c:/freescale/kds_v3/toolchain/bin/../lib/gcc/arm-none-eabi/4.8.4/armv7e-m/crti.o
 .bss           0x00000000        0x0 c:/freescale/kds_v3/toolchain/bin/../lib/gcc/arm-none-eabi/4.8.4/armv7e-m/crti.o
 .data          0x00000000        0x4 c:/freescale/kds_v3/toolchain/bin/../lib/gcc/arm-none-eabi/4.8.4/armv7e-m/crtbegin.o
 .data          0x00000000        0x0 c:/freescale/kds_v3/toolchain/bin/../lib/gcc/arm-none-eabi/4.8.4/../../../../arm-none-eabi/lib/armv7e-m/crt0.o
 .bss           0x00000000        0x0 c:/freescale/kds_v3/toolchain/bin/../lib/gcc/arm-none-eabi/4.8.4/../../../../arm-none-eabi/lib/armv7e-m/crt0.o
 .ARM.extab     0x00000000        0x0 c:/freescale/kds_v3/toolchain/bin/../lib/gcc/arm-none-eabi/4.8.4/../../../../arm-none-eabi/lib/armv7e-m/crt0.o
 .group         0x00000000        0x8 ./Sources/Events.o
 .group         0x00000000        0x8 ./Sources/Events.o
 .group         0x00000000        0x8 ./Sources/Events.o
 .group         0x00000000        0x8 ./Sources/Events.o
 .group         0x00000000        0x8 ./Sources/Events.o
 .group         0x00000000        0x8 ./Sources/Events.o
 .group         0x00000000        0x8 ./Sources/Events.o
 .group         0x00000000        0x8 ./Sources/Events.o
 .group         0x00000000        0x8 ./Sources/Events.o
 .group         0x00000000        0x8 ./Sources/Events.o
 .group         0x00000000        0x8 ./Sources/Events.o
 .group         0x00000000        0x8 ./Sources/Events.o
 .group         0x00000000        0x8 ./Sources/Events.o
 .text          0x00000000        0x0 ./Sources/Events.o
 .data          0x00000000        0x0 ./Sources/Events.o
 .bss           0x00000000        0x0 ./Sources/Events.o
 .group         0x00000000        0x8 ./Sources/main.o
 .group         0x00000000        0x8 ./Sources/main.o
 .group         0x00000000        0x8 ./Sources/main.o
 .group         0x00000000        0x8 ./Sources/main.o
 .group         0x00000000        0x8 ./Sources/main.o
 .group         0x00000000        0x8 ./Sources/main.o
 .group         0x00000000        0x8 ./Sources/main.o
 .group         0x00000000        0x8 ./Sources/main.o
 .group         0x00000000        0x8 ./Sources/main.o
 .group         0x00000000        0x8 ./Sources/main.o
 .group         0x00000000        0x8 ./Sources/main.o
 .group         0x00000000        0x8 ./Sources/main.o
 .group         0x00000000        0x8 ./Sources/main.o
 .group         0x00000000        0x8 ./Sources/main.o
 .text          0x00000000        0x0 ./Sources/main.o
 .data          0x00000000        0x0 ./Sources/main.o
 .bss           0x00000000        0x0 ./Sources/main.o
 .debug_macro   0x00000000      0x84a ./Sources/main.o
 .debug_macro   0x00000000       0x16 ./Sources/main.o
 .debug_macro   0x00000000       0x44 ./Sources/main.o
 .debug_macro   0x00000000      0x209 ./Sources/main.o
 .debug_macro   0x00000000     0x1664 ./Sources/main.o
 .debug_macro   0x00000000      0x14e ./Sources/main.o
 .debug_macro   0x00000000       0x6a ./Sources/main.o
 .debug_macro   0x00000000     0x9b9f ./Sources/main.o
 .debug_macro   0x00000000       0x94 ./Sources/main.o
 .debug_macro   0x00000000       0x58 ./Sources/main.o
 .debug_macro   0x00000000       0x3d ./Sources/main.o
 .debug_macro   0x00000000       0x5e ./Sources/main.o
 .debug_macro   0x00000000       0x11 ./Sources/main.o
 .group         0x00000000        0x8 ./Project_Settings/Startup_Code/startup.o
 .group         0x00000000        0x8 ./Project_Settings/Startup_Code/startup.o
 .group         0x00000000        0x8 ./Project_Settings/Startup_Code/startup.o
 .group         0x00000000        0x8 ./Project_Settings/Startup_Code/startup.o
 .group         0x00000000        0x8 ./Project_Settings/Startup_Code/startup.o
 .group         0x00000000        0x8 ./Project_Settings/Startup_Code/startup.o
 .group         0x00000000        0x8 ./Project_Settings/Startup_Code/startup.o
 .group         0x00000000        0x8 ./Project_Settings/Startup_Code/startup.o
 .group         0x00000000        0x8 ./Project_Settings/Startup_Code/startup.o
 .group         0x00000000        0x8 ./Project_Settings/Startup_Code/startup.o
 .group         0x00000000        0x8 ./Project_Settings/Startup_Code/startup.o
 .group         0x00000000        0x8 ./Project_Settings/Startup_Code/startup.o
 .group         0x00000000        0x8 ./Project_Settings/Startup_Code/startup.o
 .group         0x00000000        0x8 ./Project_Settings/Startup_Code/startup.o
 .group         0x00000000        0x8 ./Project_Settings/Startup_Code/startup.o
 .group         0x00000000        0x8 ./Project_Settings/Startup_Code/startup.o
 .group         0x00000000        0x8 ./Project_Settings/Startup_Code/startup.o
 .group         0x00000000        0x8 ./Project_Settings/Startup_Code/startup.o
 .group         0x00000000        0x8 ./Project_Settings/Startup_Code/startup.o
 .text          0x00000000        0x0 ./Project_Settings/Startup_Code/startup.o
 .data          0x00000000        0x0 ./Project_Settings/Startup_Code/startup.o
 .bss           0x00000000        0x0 ./Project_Settings/Startup_Code/startup.o
 .text.__init_hardware
                0x00000000        0xc ./Project_Settings/Startup_Code/startup.o
 .text.__iar_program_start
                0x00000000        0xc ./Project_Settings/Startup_Code/startup.o
 .debug_macro   0x00000000      0x84a ./Project_Settings/Startup_Code/startup.o
 .debug_macro   0x00000000       0x16 ./Project_Settings/Startup_Code/startup.o
 .group         0x00000000        0x8 ./Generated_Code/ASerialLdd1.o
 .group         0x00000000        0x8 ./Generated_Code/ASerialLdd1.o
 .group         0x00000000        0x8 ./Generated_Code/ASerialLdd1.o
 .group         0x00000000        0x8 ./Generated_Code/ASerialLdd1.o
 .group         0x00000000        0x8 ./Generated_Code/ASerialLdd1.o
 .group         0x00000000        0x8 ./Generated_Code/ASerialLdd1.o
 .group         0x00000000        0x8 ./Generated_Code/ASerialLdd1.o
 .group         0x00000000        0x8 ./Generated_Code/ASerialLdd1.o
 .group         0x00000000        0x8 ./Generated_Code/ASerialLdd1.o
 .group         0x00000000        0x8 ./Generated_Code/ASerialLdd1.o
 .group         0x00000000        0x8 ./Generated_Code/ASerialLdd1.o
 .group         0x00000000        0x8 ./Generated_Code/ASerialLdd1.o
 .group         0x00000000        0x8 ./Generated_Code/ASerialLdd1.o
 .group         0x00000000        0x8 ./Generated_Code/ASerialLdd1.o
 .text          0x00000000        0x0 ./Generated_Code/ASerialLdd1.o
 .data          0x00000000        0x0 ./Generated_Code/ASerialLdd1.o
 .bss           0x00000000        0x0 ./Generated_Code/ASerialLdd1.o
 .text.ASerialLdd1_SendBlock
                0x00000000       0x58 ./Generated_Code/ASerialLdd1.o
 .text.ASerialLdd1_GetReceivedDataNum
                0x00000000       0x1c ./Generated_Code/ASerialLdd1.o
 .text.InterruptRx
                0x00000000       0x50 ./Generated_Code/ASerialLdd1.o
 .text.InterruptTx
                0x00000000       0x60 ./Generated_Code/ASerialLdd1.o
 .text.ASerialLdd1_Main
                0x00000000       0xd8 ./Generated_Code/ASerialLdd1.o
 .text.ASerialLdd1_GetError
                0x00000000       0x2c ./Generated_Code/ASerialLdd1.o
 .debug_macro   0x00000000      0x84a ./Generated_Code/ASerialLdd1.o
 .debug_macro   0x00000000       0x16 ./Generated_Code/ASerialLdd1.o
 .debug_macro   0x00000000       0x44 ./Generated_Code/ASerialLdd1.o
 .debug_macro   0x00000000      0x209 ./Generated_Code/ASerialLdd1.o
 .debug_macro   0x00000000     0x1664 ./Generated_Code/ASerialLdd1.o
 .debug_macro   0x00000000      0x14e ./Generated_Code/ASerialLdd1.o
 .debug_macro   0x00000000       0x6a ./Generated_Code/ASerialLdd1.o
 .debug_macro   0x00000000     0x9b9f ./Generated_Code/ASerialLdd1.o
 .debug_macro   0x00000000       0x94 ./Generated_Code/ASerialLdd1.o
 .group         0x00000000        0x8 ./Generated_Code/CI2C1.o
 .group         0x00000000        0x8 ./Generated_Code/CI2C1.o
 .group         0x00000000        0x8 ./Generated_Code/CI2C1.o
 .group         0x00000000        0x8 ./Generated_Code/CI2C1.o
 .group         0x00000000        0x8 ./Generated_Code/CI2C1.o
 .group         0x00000000        0x8 ./Generated_Code/CI2C1.o
 .group         0x00000000        0x8 ./Generated_Code/CI2C1.o
 .group         0x00000000        0x8 ./Generated_Code/CI2C1.o
 .group         0x00000000        0x8 ./Generated_Code/CI2C1.o
 .group         0x00000000        0x8 ./Generated_Code/CI2C1.o
 .text          0x00000000        0x0 ./Generated_Code/CI2C1.o
 .data          0x00000000        0x0 ./Generated_Code/CI2C1.o
 .bss           0x00000000        0x0 ./Generated_Code/CI2C1.o
 .text.CI2C1_SelectSlave
                0x00000000       0x34 ./Generated_Code/CI2C1.o
 .debug_macro   0x00000000      0x84a ./Generated_Code/CI2C1.o
 .debug_macro   0x00000000       0x16 ./Generated_Code/CI2C1.o
 .debug_macro   0x00000000       0x44 ./Generated_Code/CI2C1.o
 .debug_macro   0x00000000      0x209 ./Generated_Code/CI2C1.o
 .debug_macro   0x00000000     0x1664 ./Generated_Code/CI2C1.o
 .debug_macro   0x00000000      0x14e ./Generated_Code/CI2C1.o
 .debug_macro   0x00000000       0x6a ./Generated_Code/CI2C1.o
 .debug_macro   0x00000000     0x9b9f ./Generated_Code/CI2C1.o
 .debug_macro   0x00000000       0x58 ./Generated_Code/CI2C1.o
 .group         0x00000000        0x8 ./Generated_Code/Cpu.o
 .group         0x00000000        0x8 ./Generated_Code/Cpu.o
 .group         0x00000000        0x8 ./Generated_Code/Cpu.o
 .group         0x00000000        0x8 ./Generated_Code/Cpu.o
 .group         0x00000000        0x8 ./Generated_Code/Cpu.o
 .group         0x00000000        0x8 ./Generated_Code/Cpu.o
 .group         0x00000000        0x8 ./Generated_Code/Cpu.o
 .group         0x00000000        0x8 ./Generated_Code/Cpu.o
 .group         0x00000000        0x8 ./Generated_Code/Cpu.o
 .group         0x00000000        0x8 ./Generated_Code/Cpu.o
 .group         0x00000000        0x8 ./Generated_Code/Cpu.o
 .group         0x00000000        0x8 ./Generated_Code/Cpu.o
 .group         0x00000000        0x8 ./Generated_Code/Cpu.o
 .text          0x00000000        0x0 ./Generated_Code/Cpu.o
 .data          0x00000000        0x0 ./Generated_Code/Cpu.o
 .bss           0x00000000        0x0 ./Generated_Code/Cpu.o
 .bss.SR_lock   0x00000000        0x1 ./Generated_Code/Cpu.o
 .debug_macro   0x00000000      0x84a ./Generated_Code/Cpu.o
 .debug_macro   0x00000000       0x16 ./Generated_Code/Cpu.o
 .debug_macro   0x00000000       0x44 ./Generated_Code/Cpu.o
 .debug_macro   0x00000000      0x209 ./Generated_Code/Cpu.o
 .debug_macro   0x00000000     0x1664 ./Generated_Code/Cpu.o
 .debug_macro   0x00000000      0x14e ./Generated_Code/Cpu.o
 .debug_macro   0x00000000       0x6a ./Generated_Code/Cpu.o
 .debug_macro   0x00000000     0x9b9f ./Generated_Code/Cpu.o
 .debug_macro   0x00000000       0x9a ./Generated_Code/Cpu.o
 .debug_macro   0x00000000       0x58 ./Generated_Code/Cpu.o
 .debug_macro   0x00000000       0x3d ./Generated_Code/Cpu.o
 .debug_macro   0x00000000       0x5e ./Generated_Code/Cpu.o
 .debug_macro   0x00000000       0x11 ./Generated_Code/Cpu.o
 COMMON         0x00000000        0x1 ./Generated_Code/Cpu.o
 .group         0x00000000        0x8 ./Generated_Code/Inhr1.o
 .group         0x00000000        0x8 ./Generated_Code/Inhr1.o
 .group         0x00000000        0x8 ./Generated_Code/Inhr1.o
 .group         0x00000000        0x8 ./Generated_Code/Inhr1.o
 .group         0x00000000        0x8 ./Generated_Code/Inhr1.o
 .group         0x00000000        0x8 ./Generated_Code/Inhr1.o
 .group         0x00000000        0x8 ./Generated_Code/Inhr1.o
 .group         0x00000000        0x8 ./Generated_Code/Inhr1.o
 .group         0x00000000        0x8 ./Generated_Code/Inhr1.o
 .group         0x00000000        0x8 ./Generated_Code/Inhr1.o
 .group         0x00000000        0x8 ./Generated_Code/Inhr1.o
 .text          0x00000000        0x0 ./Generated_Code/Inhr1.o
 .data          0x00000000        0x0 ./Generated_Code/Inhr1.o
 .bss           0x00000000        0x0 ./Generated_Code/Inhr1.o
 .bss.OutBuffer
                0x00000000        0x1 ./Generated_Code/Inhr1.o
 .text.Inhr1_RecvChar
                0x00000000       0x80 ./Generated_Code/Inhr1.o
 .text.Inhr1_SendChar
                0x00000000       0x5c ./Generated_Code/Inhr1.o
 .text.Inhr1_GetCharsInRxBuf
                0x00000000       0x24 ./Generated_Code/Inhr1.o
 .text.ASerialLdd1_OnBreak
                0x00000000       0x24 ./Generated_Code/Inhr1.o
 .debug_macro   0x00000000      0x84a ./Generated_Code/Inhr1.o
 .debug_macro   0x00000000       0x16 ./Generated_Code/Inhr1.o
 .debug_macro   0x00000000       0x44 ./Generated_Code/Inhr1.o
 .debug_macro   0x00000000      0x209 ./Generated_Code/Inhr1.o
 .debug_macro   0x00000000     0x1664 ./Generated_Code/Inhr1.o
 .debug_macro   0x00000000      0x14e ./Generated_Code/Inhr1.o
 .debug_macro   0x00000000       0x6a ./Generated_Code/Inhr1.o
 .debug_macro   0x00000000     0x9b9f ./Generated_Code/Inhr1.o
 .debug_macro   0x00000000       0x94 ./Generated_Code/Inhr1.o
 .debug_macro   0x00000000       0x58 ./Generated_Code/Inhr1.o
 .debug_macro   0x00000000       0x11 ./Generated_Code/Inhr1.o
 .group         0x00000000        0x8 ./Generated_Code/IntI2cLdd1.o
 .group         0x00000000        0x8 ./Generated_Code/IntI2cLdd1.o
 .group         0x00000000        0x8 ./Generated_Code/IntI2cLdd1.o
 .group         0x00000000        0x8 ./Generated_Code/IntI2cLdd1.o
 .group         0x00000000        0x8 ./Generated_Code/IntI2cLdd1.o
 .group         0x00000000        0x8 ./Generated_Code/IntI2cLdd1.o
 .group         0x00000000        0x8 ./Generated_Code/IntI2cLdd1.o
 .group         0x00000000        0x8 ./Generated_Code/IntI2cLdd1.o
 .group         0x00000000        0x8 ./Generated_Code/IntI2cLdd1.o
 .group         0x00000000        0x8 ./Generated_Code/IntI2cLdd1.o
 .group         0x00000000        0x8 ./Generated_Code/IntI2cLdd1.o
 .group         0x00000000        0x8 ./Generated_Code/IntI2cLdd1.o
 .group         0x00000000        0x8 ./Generated_Code/IntI2cLdd1.o
 .text          0x00000000        0x0 ./Generated_Code/IntI2cLdd1.o
 .data          0x00000000        0x0 ./Generated_Code/IntI2cLdd1.o
 .bss           0x00000000        0x0 ./Generated_Code/IntI2cLdd1.o
 .text.IntI2cLdd1_SelectSlaveDevice
                0x00000000       0xf0 ./Generated_Code/IntI2cLdd1.o
 .debug_macro   0x00000000      0x84a ./Generated_Code/IntI2cLdd1.o
 .debug_macro   0x00000000       0x16 ./Generated_Code/IntI2cLdd1.o
 .debug_macro   0x00000000       0x44 ./Generated_Code/IntI2cLdd1.o
 .debug_macro   0x00000000      0x209 ./Generated_Code/IntI2cLdd1.o
 .debug_macro   0x00000000     0x1664 ./Generated_Code/IntI2cLdd1.o
 .debug_macro   0x00000000      0x14e ./Generated_Code/IntI2cLdd1.o
 .debug_macro   0x00000000       0x6a ./Generated_Code/IntI2cLdd1.o
 .debug_macro   0x00000000     0x9b9f ./Generated_Code/IntI2cLdd1.o
 .debug_macro   0x00000000       0x9a ./Generated_Code/IntI2cLdd1.o
 .debug_macro   0x00000000       0x58 ./Generated_Code/IntI2cLdd1.o
 .debug_macro   0x00000000       0x94 ./Generated_Code/IntI2cLdd1.o
 .group         0x00000000        0x8 ./Generated_Code/PE_LDD.o
 .group         0x00000000        0x8 ./Generated_Code/PE_LDD.o
 .group         0x00000000        0x8 ./Generated_Code/PE_LDD.o
 .group         0x00000000        0x8 ./Generated_Code/PE_LDD.o
 .group         0x00000000        0x8 ./Generated_Code/PE_LDD.o
 .group         0x00000000        0x8 ./Generated_Code/PE_LDD.o
 .group         0x00000000        0x8 ./Generated_Code/PE_LDD.o
 .group         0x00000000        0x8 ./Generated_Code/PE_LDD.o
 .group         0x00000000        0x8 ./Generated_Code/PE_LDD.o
 .group         0x00000000        0x8 ./Generated_Code/PE_LDD.o
 .group         0x00000000        0x8 ./Generated_Code/PE_LDD.o
 .group         0x00000000        0x8 ./Generated_Code/PE_LDD.o
 .group         0x00000000        0x8 ./Generated_Code/PE_LDD.o
 .text          0x00000000        0x0 ./Generated_Code/PE_LDD.o
 .data          0x00000000        0x0 ./Generated_Code/PE_LDD.o
 .bss           0x00000000        0x0 ./Generated_Code/PE_LDD.o
 .rodata.PE_CpuClockConfigurations
                0x00000000       0x28 ./Generated_Code/PE_LDD.o
 .text.PE_FillMemory
                0x00000000       0x24 ./Generated_Code/PE_LDD.o
 .text.PE_PeripheralUsed
                0x00000000       0x38 ./Generated_Code/PE_LDD.o
 .text.LDD_SetClockConfiguration
                0x00000000       0x14 ./Generated_Code/PE_LDD.o
 .debug_macro   0x00000000      0x84a ./Generated_Code/PE_LDD.o
 .debug_macro   0x00000000       0x16 ./Generated_Code/PE_LDD.o
 .debug_macro   0x00000000       0x44 ./Generated_Code/PE_LDD.o
 .debug_macro   0x00000000      0x209 ./Generated_Code/PE_LDD.o
 .debug_macro   0x00000000     0x1664 ./Generated_Code/PE_LDD.o
 .debug_macro   0x00000000      0x14e ./Generated_Code/PE_LDD.o
 .debug_macro   0x00000000       0x6a ./Generated_Code/PE_LDD.o
 .debug_macro   0x00000000     0x9b9f ./Generated_Code/PE_LDD.o
 .debug_macro   0x00000000       0x9a ./Generated_Code/PE_LDD.o
 .debug_macro   0x00000000       0x58 ./Generated_Code/PE_LDD.o
 .debug_macro   0x00000000       0x3d ./Generated_Code/PE_LDD.o
 .debug_macro   0x00000000       0x5e ./Generated_Code/PE_LDD.o
 .debug_macro   0x00000000       0x11 ./Generated_Code/PE_LDD.o
 .group         0x00000000        0x8 ./Generated_Code/Term1.o
 .group         0x00000000        0x8 ./Generated_Code/Term1.o
 .group         0x00000000        0x8 ./Generated_Code/Term1.o
 .group         0x00000000        0x8 ./Generated_Code/Term1.o
 .group         0x00000000        0x8 ./Generated_Code/Term1.o
 .group         0x00000000        0x8 ./Generated_Code/Term1.o
 .group         0x00000000        0x8 ./Generated_Code/Term1.o
 .group         0x00000000        0x8 ./Generated_Code/Term1.o
 .group         0x00000000        0x8 ./Generated_Code/Term1.o
 .group         0x00000000        0x8 ./Generated_Code/Term1.o
 .group         0x00000000        0x8 ./Generated_Code/Term1.o
 .text          0x00000000        0x0 ./Generated_Code/Term1.o
 .data          0x00000000        0x0 ./Generated_Code/Term1.o
 .bss           0x00000000        0x0 ./Generated_Code/Term1.o
 .text.Term1_SendChar
                0x00000000       0x20 ./Generated_Code/Term1.o
 .text.SendESCPrefix
                0x00000000       0x24 ./Generated_Code/Term1.o
 .text.Term1_ReadChar
                0x00000000       0x1c ./Generated_Code/Term1.o
 .text.Term1_KeyPressed
                0x00000000       0x1c ./Generated_Code/Term1.o
 .text.Term1_CRLF
                0x00000000       0x24 ./Generated_Code/Term1.o
 .text.Term1_SendStr
                0x00000000       0x34 ./Generated_Code/Term1.o
 .text.LongToStr
                0x00000000       0xf4 ./Generated_Code/Term1.o
 .text.Term1_SendNum
                0x00000000       0x54 ./Generated_Code/Term1.o
 .text.Term1_Cls
                0x00000000       0x28 ./Generated_Code/Term1.o
 .text.Term1_MoveTo
                0x00000000       0x44 ./Generated_Code/Term1.o
 .debug_info    0x00000000      0x2ba ./Generated_Code/Term1.o
 .debug_abbrev  0x00000000      0x139 ./Generated_Code/Term1.o
 .debug_aranges
                0x00000000       0x68 ./Generated_Code/Term1.o
 .debug_ranges  0x00000000       0x58 ./Generated_Code/Term1.o
 .debug_macro   0x00000000       0xad ./Generated_Code/Term1.o
 .debug_macro   0x00000000      0x84a ./Generated_Code/Term1.o
 .debug_macro   0x00000000       0x16 ./Generated_Code/Term1.o
 .debug_macro   0x00000000       0x44 ./Generated_Code/Term1.o
 .debug_macro   0x00000000      0x209 ./Generated_Code/Term1.o
 .debug_macro   0x00000000     0x1664 ./Generated_Code/Term1.o
 .debug_macro   0x00000000      0x14e ./Generated_Code/Term1.o
 .debug_macro   0x00000000       0x6a ./Generated_Code/Term1.o
 .debug_macro   0x00000000     0x9b9f ./Generated_Code/Term1.o
 .debug_macro   0x00000000       0x9a ./Generated_Code/Term1.o
 .debug_macro   0x00000000       0x5e ./Generated_Code/Term1.o
 .debug_macro   0x00000000       0x11 ./Generated_Code/Term1.o
 .debug_line    0x00000000      0x39a ./Generated_Code/Term1.o
 .debug_str     0x00000000    0x3f02f ./Generated_Code/Term1.o
 .comment       0x00000000       0x71 ./Generated_Code/Term1.o
 .ARM.attributes
                0x00000000       0x33 ./Generated_Code/Term1.o
 .debug_frame   0x00000000      0x13c ./Generated_Code/Term1.o
 .group         0x00000000        0x8 ./Generated_Code/Vectors.o
 .group         0x00000000        0x8 ./Generated_Code/Vectors.o
 .group         0x00000000        0x8 ./Generated_Code/Vectors.o
 .group         0x00000000        0x8 ./Generated_Code/Vectors.o
 .group         0x00000000        0x8 ./Generated_Code/Vectors.o
 .group         0x00000000        0x8 ./Generated_Code/Vectors.o
 .group         0x00000000        0x8 ./Generated_Code/Vectors.o
 .group         0x00000000        0x8 ./Generated_Code/Vectors.o
 .group         0x00000000        0x8 ./Generated_Code/Vectors.o
 .group         0x00000000        0x8 ./Generated_Code/Vectors.o
 .group         0x00000000        0x8 ./Generated_Code/Vectors.o
 .group         0x00000000        0x8 ./Generated_Code/Vectors.o
 .group         0x00000000        0x8 ./Generated_Code/Vectors.o
 .text          0x00000000        0x0 ./Generated_Code/Vectors.o
 .data          0x00000000        0x0 ./Generated_Code/Vectors.o
 .bss           0x00000000        0x0 ./Generated_Code/Vectors.o
 .debug_macro   0x00000000      0x84a ./Generated_Code/Vectors.o
 .debug_macro   0x00000000       0x16 ./Generated_Code/Vectors.o
 .debug_macro   0x00000000       0x44 ./Generated_Code/Vectors.o
 .debug_macro   0x00000000      0x209 ./Generated_Code/Vectors.o
 .debug_macro   0x00000000     0x1664 ./Generated_Code/Vectors.o
 .debug_macro   0x00000000      0x14e ./Generated_Code/Vectors.o
 .debug_macro   0x00000000       0x6a ./Generated_Code/Vectors.o
 .debug_macro   0x00000000     0x9b9f ./Generated_Code/Vectors.o
 .debug_macro   0x00000000       0x94 ./Generated_Code/Vectors.o
 .debug_macro   0x00000000       0x3d ./Generated_Code/Vectors.o
 .debug_macro   0x00000000       0x5e ./Generated_Code/Vectors.o
 .debug_macro   0x00000000       0x11 ./Generated_Code/Vectors.o
 .group         0x00000000        0x8 ./Generated_Code/WAIT1.o
 .group         0x00000000        0x8 ./Generated_Code/WAIT1.o
 .group         0x00000000        0x8 ./Generated_Code/WAIT1.o
 .group         0x00000000        0x8 ./Generated_Code/WAIT1.o
 .group         0x00000000        0x8 ./Generated_Code/WAIT1.o
 .group         0x00000000        0x8 ./Generated_Code/WAIT1.o
 .group         0x00000000        0x8 ./Generated_Code/WAIT1.o
 .group         0x00000000        0x8 ./Generated_Code/WAIT1.o
 .group         0x00000000        0x8 ./Generated_Code/WAIT1.o
 .group         0x00000000        0x8 ./Generated_Code/WAIT1.o
 .text          0x00000000        0x0 ./Generated_Code/WAIT1.o
 .data          0x00000000        0x0 ./Generated_Code/WAIT1.o
 .bss           0x00000000        0x0 ./Generated_Code/WAIT1.o
 .debug_macro   0x00000000      0x84a ./Generated_Code/WAIT1.o
 .debug_macro   0x00000000       0x16 ./Generated_Code/WAIT1.o
 .debug_macro   0x00000000       0x44 ./Generated_Code/WAIT1.o
 .debug_macro   0x00000000      0x209 ./Generated_Code/WAIT1.o
 .debug_macro   0x00000000     0x1664 ./Generated_Code/WAIT1.o
 .debug_macro   0x00000000      0x14e ./Generated_Code/WAIT1.o
 .debug_macro   0x00000000       0x6a ./Generated_Code/WAIT1.o
 .debug_macro   0x00000000     0x9b9f ./Generated_Code/WAIT1.o
 .debug_macro   0x00000000       0x9a ./Generated_Code/WAIT1.o
 .text          0x00000000        0x0 c:/freescale/kds_v3/toolchain/bin/../lib/gcc/arm-none-eabi/4.8.4/../../../../arm-none-eabi/lib/armv7e-m\libg_s.a(lib_a-exit.o)
 .data          0x00000000        0x0 c:/freescale/kds_v3/toolchain/bin/../lib/gcc/arm-none-eabi/4.8.4/../../../../arm-none-eabi/lib/armv7e-m\libg_s.a(lib_a-exit.o)
 .bss           0x00000000        0x0 c:/freescale/kds_v3/toolchain/bin/../lib/gcc/arm-none-eabi/4.8.4/../../../../arm-none-eabi/lib/armv7e-m\libg_s.a(lib_a-exit.o)
 .text          0x00000000        0x0 c:/freescale/kds_v3/toolchain/bin/../lib/gcc/arm-none-eabi/4.8.4/../../../../arm-none-eabi/lib/armv7e-m\libg_s.a(lib_a-impure.o)
 .data          0x00000000        0x0 c:/freescale/kds_v3/toolchain/bin/../lib/gcc/arm-none-eabi/4.8.4/../../../../arm-none-eabi/lib/armv7e-m\libg_s.a(lib_a-impure.o)
 .bss           0x00000000        0x0 c:/freescale/kds_v3/toolchain/bin/../lib/gcc/arm-none-eabi/4.8.4/../../../../arm-none-eabi/lib/armv7e-m\libg_s.a(lib_a-impure.o)
 .data._impure_ptr
                0x00000000        0x4 c:/freescale/kds_v3/toolchain/bin/../lib/gcc/arm-none-eabi/4.8.4/../../../../arm-none-eabi/lib/armv7e-m\libg_s.a(lib_a-impure.o)
 .text          0x00000000        0x0 c:/freescale/kds_v3/toolchain/bin/../lib/gcc/arm-none-eabi/4.8.4/../../../../arm-none-eabi/lib/armv7e-m\libg_s.a(lib_a-init.o)
 .data          0x00000000        0x0 c:/freescale/kds_v3/toolchain/bin/../lib/gcc/arm-none-eabi/4.8.4/../../../../arm-none-eabi/lib/armv7e-m\libg_s.a(lib_a-init.o)
 .bss           0x00000000        0x0 c:/freescale/kds_v3/toolchain/bin/../lib/gcc/arm-none-eabi/4.8.4/../../../../arm-none-eabi/lib/armv7e-m\libg_s.a(lib_a-init.o)
 .text          0x00000000        0x0 c:/freescale/kds_v3/toolchain/bin/../lib/gcc/arm-none-eabi/4.8.4/../../../../arm-none-eabi/lib/armv7e-m\libg_s.a(lib_a-memset.o)
 .data          0x00000000        0x0 c:/freescale/kds_v3/toolchain/bin/../lib/gcc/arm-none-eabi/4.8.4/../../../../arm-none-eabi/lib/armv7e-m\libg_s.a(lib_a-memset.o)
 .bss           0x00000000        0x0 c:/freescale/kds_v3/toolchain/bin/../lib/gcc/arm-none-eabi/4.8.4/../../../../arm-none-eabi/lib/armv7e-m\libg_s.a(lib_a-memset.o)
 .text          0x00000000        0x0 c:/freescale/kds_v3/toolchain/bin/../lib/gcc/arm-none-eabi/4.8.4/../../../../arm-none-eabi/lib/armv7e-m\libnosys.a(_exit.o)
 .data          0x00000000        0x0 c:/freescale/kds_v3/toolchain/bin/../lib/gcc/arm-none-eabi/4.8.4/../../../../arm-none-eabi/lib/armv7e-m\libnosys.a(_exit.o)
 .bss           0x00000000        0x0 c:/freescale/kds_v3/toolchain/bin/../lib/gcc/arm-none-eabi/4.8.4/../../../../arm-none-eabi/lib/armv7e-m\libnosys.a(_exit.o)
 .text          0x00000000        0x0 c:/freescale/kds_v3/toolchain/bin/../lib/gcc/arm-none-eabi/4.8.4/armv7e-m/crtend.o
 .data          0x00000000        0x0 c:/freescale/kds_v3/toolchain/bin/../lib/gcc/arm-none-eabi/4.8.4/armv7e-m/crtend.o
 .bss           0x00000000        0x0 c:/freescale/kds_v3/toolchain/bin/../lib/gcc/arm-none-eabi/4.8.4/armv7e-m/crtend.o
 .eh_frame      0x00000000        0x4 c:/freescale/kds_v3/toolchain/bin/../lib/gcc/arm-none-eabi/4.8.4/armv7e-m/crtend.o
 .jcr           0x00000000        0x4 c:/freescale/kds_v3/toolchain/bin/../lib/gcc/arm-none-eabi/4.8.4/armv7e-m/crtend.o
 .ARM.attributes
                0x00000000       0x2e c:/freescale/kds_v3/toolchain/bin/../lib/gcc/arm-none-eabi/4.8.4/armv7e-m/crtend.o
 .text          0x00000000        0x0 c:/freescale/kds_v3/toolchain/bin/../lib/gcc/arm-none-eabi/4.8.4/armv7e-m/crtn.o
 .data          0x00000000        0x0 c:/freescale/kds_v3/toolchain/bin/../lib/gcc/arm-none-eabi/4.8.4/armv7e-m/crtn.o
 .bss           0x00000000        0x0 c:/freescale/kds_v3/toolchain/bin/../lib/gcc/arm-none-eabi/4.8.4/armv7e-m/crtn.o

Memory Configuration

Name             Origin             Length             Attributes
m_interrupts     0x00000000         0x000000f8         xr
m_text           0x00000410         0x0001fbf0         xr
m_data           0x1fffe000         0x00002000         rw
m_data_20000000  0x20000000         0x00002000         rw
m_cfmprotrom     0x00000400         0x00000010         xr
*default*        0x00000000         0xffffffff

Linker script and memory map

LOAD c:/freescale/kds_v3/toolchain/bin/../lib/gcc/arm-none-eabi/4.8.4/armv7e-m/crti.o
LOAD c:/freescale/kds_v3/toolchain/bin/../lib/gcc/arm-none-eabi/4.8.4/armv7e-m/crtbegin.o
LOAD c:/freescale/kds_v3/toolchain/bin/../lib/gcc/arm-none-eabi/4.8.4/../../../../arm-none-eabi/lib/armv7e-m/crt0.o
LOAD ./Sources/Events.o
LOAD ./Sources/main.o
LOAD ./Project_Settings/Startup_Code/startup.o
LOAD ./Generated_Code/ASerialLdd1.o
LOAD ./Generated_Code/CI2C1.o
LOAD ./Generated_Code/Cpu.o
LOAD ./Generated_Code/Inhr1.o
LOAD ./Generated_Code/IntI2cLdd1.o
LOAD ./Generated_Code/PE_LDD.o
LOAD ./Generated_Code/Term1.o
LOAD ./Generated_Code/Vectors.o
LOAD ./Generated_Code/WAIT1.o
LOAD c:/freescale/kds_v3/toolchain/bin/../lib/gcc/arm-none-eabi/4.8.4/../../../../arm-none-eabi/lib/armv7e-m\libstdc++_s.a
LOAD c:/freescale/kds_v3/toolchain/bin/../lib/gcc/arm-none-eabi/4.8.4/../../../../arm-none-eabi/lib/armv7e-m\libm.a
START GROUP
LOAD c:/freescale/kds_v3/toolchain/bin/../lib/gcc/arm-none-eabi/4.8.4/armv7e-m\libgcc.a
LOAD c:/freescale/kds_v3/toolchain/bin/../lib/gcc/arm-none-eabi/4.8.4/../../../../arm-none-eabi/lib/armv7e-m\libg_s.a
LOAD c:/freescale/kds_v3/toolchain/bin/../lib/gcc/arm-none-eabi/4.8.4/../../../../arm-none-eabi/lib/armv7e-m\libc_s.a
END GROUP
START GROUP
LOAD c:/freescale/kds_v3/toolchain/bin/../lib/gcc/arm-none-eabi/4.8.4/armv7e-m\libgcc.a
LOAD c:/freescale/kds_v3/toolchain/bin/../lib/gcc/arm-none-eabi/4.8.4/../../../../arm-none-eabi/lib/armv7e-m\libc_s.a
LOAD c:/freescale/kds_v3/toolchain/bin/../lib/gcc/arm-none-eabi/4.8.4/../../../../arm-none-eabi/lib/armv7e-m\libnosys.a
END GROUP
START GROUP
LOAD c:/freescale/kds_v3/toolchain/bin/../lib/gcc/arm-none-eabi/4.8.4/armv7e-m\libgcc.a
LOAD c:/freescale/kds_v3/toolchain/bin/../lib/gcc/arm-none-eabi/4.8.4/../../../../arm-none-eabi/lib/armv7e-m\libc_s.a
LOAD c:/freescale/kds_v3/toolchain/bin/../lib/gcc/arm-none-eabi/4.8.4/../../../../arm-none-eabi/lib/armv7e-m\libnosys.a
END GROUP
LOAD c:/freescale/kds_v3/toolchain/bin/../lib/gcc/arm-none-eabi/4.8.4/armv7e-m/crtend.o
LOAD c:/freescale/kds_v3/toolchain/bin/../lib/gcc/arm-none-eabi/4.8.4/armv7e-m/crtn.o
                0x20000000                _estack = 0x20000000
                0x20000000                __SP_INIT = _estack
                0x20000000                __stack = _estack
                0x00000000                __heap_size = 0x0
                0x00000400                __stack_size = 0x400

.interrupts     0x00000000       0xf8
                0x00000000                __vector_table = .
                0x00000000                . = ALIGN (0x4)
 *(.vectortable)
 .vectortable   0x00000000       0xf8 ./Generated_Code/Vectors.o
                0x00000000                __vect_table
                0x000000f8                . = ALIGN (0x4)

.cfmprotect     0x00000400       0x10
                0x00000400                . = ALIGN (0x4)
 *(.cfmconfig)
 .cfmconfig     0x00000400       0x10 ./Generated_Code/Cpu.o
                0x00000400                _cfm
                0x00000410                . = ALIGN (0x4)

.text           0x00000410     0x139c
                0x00000410                . = ALIGN (0x4)
 *(.text)
 .text          0x00000410       0x54 c:/freescale/kds_v3/toolchain/bin/../lib/gcc/arm-none-eabi/4.8.4/armv7e-m/crtbegin.o
 .text          0x00000464       0x74 c:/freescale/kds_v3/toolchain/bin/../lib/gcc/arm-none-eabi/4.8.4/../../../../arm-none-eabi/lib/armv7e-m/crt0.o
                0x00000464                _start
                0x00000464                _mainCRTStartup
 *(.text*)
 .text.Cpu_OnNMIINT
                0x000004d8        0xc ./Sources/Events.o
                0x000004d8                Cpu_OnNMIINT
 .text.main     0x000004e4      0x170 ./Sources/main.o
                0x000004e4                main
 .text.__copy_rom_section
                0x00000654       0xe4 ./Project_Settings/Startup_Code/startup.o
                0x00000654                __copy_rom_section
 .text.__copy_rom_sections_to_ram
                0x00000738       0x9c ./Project_Settings/Startup_Code/startup.o
                0x00000738                __copy_rom_sections_to_ram
 .text.__init_registers
                0x000007d4        0xc ./Project_Settings/Startup_Code/startup.o
                0x000007d4                __init_registers
 .text.__init_user
                0x000007e0        0xc ./Project_Settings/Startup_Code/startup.o
                0x000007e0                __init_user
 .text.__thumb_startup
                0x000007ec       0x34 ./Project_Settings/Startup_Code/startup.o
                0x000007ec                __thumb_startup
 .text.ASerialLdd1_Init
                0x00000820      0x160 ./Generated_Code/ASerialLdd1.o
                0x00000820                ASerialLdd1_Init
 .text.ASerialLdd1_ReceiveBlock
                0x00000980       0x48 ./Generated_Code/ASerialLdd1.o
                0x00000980                ASerialLdd1_ReceiveBlock
 .text.CI2C1_SendChar
                0x000009c8       0x2c ./Generated_Code/CI2C1.o
                0x000009c8                CI2C1_SendChar
 .text.CI2C1_SendBlock
                0x000009f4      0x130 ./Generated_Code/CI2C1.o
                0x000009f4                CI2C1_SendBlock
 .text.CI2C1_RecvBlock
                0x00000b24      0x124 ./Generated_Code/CI2C1.o
                0x00000b24                CI2C1_RecvBlock
 .text.CI2C1_Init
                0x00000c48       0x18 ./Generated_Code/CI2C1.o
                0x00000c48                CI2C1_Init
 .text.Cpu_INT_NMIInterrupt
                0x00000c60       0x1c ./Generated_Code/Cpu.o
                0x00000c60                Cpu_INT_NMIInterrupt
 .text.Cpu_Interrupt
                0x00000c7c       0x18 ./Generated_Code/Cpu.o
                0x00000c7c                Cpu_Interrupt
 .text.__init_hardware
                0x00000c94      0x11c ./Generated_Code/Cpu.o
                0x00000c94                __init_hardware
 .text.Cpu_SetBASEPRI
                0x00000db0       0x18 ./Generated_Code/Cpu.o
                0x00000db0                Cpu_SetBASEPRI
 .text.PE_low_level_init
                0x00000dc8       0xb0 ./Generated_Code/Cpu.o
                0x00000dc8                PE_low_level_init
 .text.HWEnDi   0x00000e78       0x1c ./Generated_Code/Inhr1.o
 .text.Inhr1_Init
                0x00000e94       0x24 ./Generated_Code/Inhr1.o
                0x00000e94                Inhr1_Init
 .text.IntI2cLdd1_Main
                0x00000eb8      0x2d4 ./Generated_Code/IntI2cLdd1.o
                0x00000eb8                IntI2cLdd1_Main
 .text.IntI2cLdd1_Init
                0x0000118c      0x110 ./Generated_Code/IntI2cLdd1.o
                0x0000118c                IntI2cLdd1_Init
 .text.IntI2cLdd1_MasterSendBlock
                0x0000129c      0x14c ./Generated_Code/IntI2cLdd1.o
                0x0000129c                IntI2cLdd1_MasterSendBlock
 .text.IntI2cLdd1_MasterGetBlockSentStatus
                0x000013e8       0x30 ./Generated_Code/IntI2cLdd1.o
                0x000013e8                IntI2cLdd1_MasterGetBlockSentStatus
 .text.IntI2cLdd1_MasterGetSentDataNum
                0x00001418       0x18 ./Generated_Code/IntI2cLdd1.o
                0x00001418                IntI2cLdd1_MasterGetSentDataNum
 .text.IntI2cLdd1_MasterReceiveBlock
                0x00001430      0x148 ./Generated_Code/IntI2cLdd1.o
                0x00001430                IntI2cLdd1_MasterReceiveBlock
 .text.IntI2cLdd1_MasterGetBlockReceivedStatus
                0x00001578       0x38 ./Generated_Code/IntI2cLdd1.o
                0x00001578                IntI2cLdd1_MasterGetBlockReceivedStatus
 .text.IntI2cLdd1_MasterGetReceivedDataNum
                0x000015b0       0x18 ./Generated_Code/IntI2cLdd1.o
                0x000015b0                IntI2cLdd1_MasterGetReceivedDataNum
 .text.IntI2cLdd1_GetError
                0x000015c8       0x2c ./Generated_Code/IntI2cLdd1.o
                0x000015c8                IntI2cLdd1_GetError
 .text.IntI2cLdd1_CheckBus
                0x000015f4       0x3c ./Generated_Code/IntI2cLdd1.o
                0x000015f4                IntI2cLdd1_CheckBus
 .text.WAIT1_Wait10Cycles
                0x00001630        0x8 ./Generated_Code/WAIT1.o
                0x00001630                WAIT1_Wait10Cycles
 .text.WAIT1_Wait100Cycles
                0x00001638       0x1c ./Generated_Code/WAIT1.o
                0x00001638                WAIT1_Wait100Cycles
 .text.WAIT1_WaitCycles
                0x00001654       0x34 ./Generated_Code/WAIT1.o
                0x00001654                WAIT1_WaitCycles
 .text.WAIT1_WaitLongCycles
                0x00001688       0x38 ./Generated_Code/WAIT1.o
                0x00001688                WAIT1_WaitLongCycles
 .text.WAIT1_Waitms
                0x000016c0       0x2c ./Generated_Code/WAIT1.o
                0x000016c0                WAIT1_Waitms
 .text.exit     0x000016ec       0x28 c:/freescale/kds_v3/toolchain/bin/../lib/gcc/arm-none-eabi/4.8.4/../../../../arm-none-eabi/lib/armv7e-m\libg_s.a(lib_a-exit.o)
                0x000016ec                exit
 .text.__libc_init_array
                0x00001714       0x4c c:/freescale/kds_v3/toolchain/bin/../lib/gcc/arm-none-eabi/4.8.4/../../../../arm-none-eabi/lib/armv7e-m\libg_s.a(lib_a-init.o)
                0x00001714                __libc_init_array
 .text.memset   0x00001760       0x10 c:/freescale/kds_v3/toolchain/bin/../lib/gcc/arm-none-eabi/4.8.4/../../../../arm-none-eabi/lib/armv7e-m\libg_s.a(lib_a-memset.o)
                0x00001760                memset
 .text._exit    0x00001770        0x4 c:/freescale/kds_v3/toolchain/bin/../lib/gcc/arm-none-eabi/4.8.4/../../../../arm-none-eabi/lib/armv7e-m\libnosys.a(_exit.o)
                0x00001770                _exit
 *(.rodata)
 .rodata        0x00001774       0x18 ./Sources/main.o
 *(.rodata*)
 .rodata.str1.1
                0x0000178c        0x2 c:/freescale/kds_v3/toolchain/bin/../lib/gcc/arm-none-eabi/4.8.4/../../../../arm-none-eabi/lib/armv7e-m\libg_s.a(lib_a-impure.o)
 *fill*         0x0000178e        0x2 
 .rodata._global_impure_ptr
                0x00001790        0x4 c:/freescale/kds_v3/toolchain/bin/../lib/gcc/arm-none-eabi/4.8.4/../../../../arm-none-eabi/lib/armv7e-m\libg_s.a(lib_a-impure.o)
                0x00001790                _global_impure_ptr
 *(.glue_7)
 .glue_7        0x00000000        0x0 linker stubs
 *(.glue_7t)
 .glue_7t       0x00000000        0x0 linker stubs
 *(.eh_frame)
 .eh_frame      0x00001794        0x0 c:/freescale/kds_v3/toolchain/bin/../lib/gcc/arm-none-eabi/4.8.4/armv7e-m/crtbegin.o
 *(.init)
 .init          0x00001794        0x4 c:/freescale/kds_v3/toolchain/bin/../lib/gcc/arm-none-eabi/4.8.4/armv7e-m/crti.o
                0x00001794                _init
 .init          0x00001798        0x8 c:/freescale/kds_v3/toolchain/bin/../lib/gcc/arm-none-eabi/4.8.4/armv7e-m/crtn.o
 *(.fini)
 .fini          0x000017a0        0x4 c:/freescale/kds_v3/toolchain/bin/../lib/gcc/arm-none-eabi/4.8.4/armv7e-m/crti.o
                0x000017a0                _fini
 .fini          0x000017a4        0x8 c:/freescale/kds_v3/toolchain/bin/../lib/gcc/arm-none-eabi/4.8.4/armv7e-m/crtn.o
                0x000017ac                . = ALIGN (0x4)
                0x000017ac                _etext = .

.vfp11_veneer   0x000017ac        0x0
 .vfp11_veneer  0x00000000        0x0 linker stubs

.v4_bx          0x000017ac        0x0
 .v4_bx         0x00000000        0x0 linker stubs

.iplt           0x000017ac        0x0
 .iplt          0x00000000        0x0 c:/freescale/kds_v3/toolchain/bin/../lib/gcc/arm-none-eabi/4.8.4/armv7e-m/crtbegin.o

.ARM.extab
 *(.ARM.extab* .gnu.linkonce.armextab.*)

.ARM            0x000017ac        0x8
                0x000017ac                __exidx_start = .
 *(.ARM.exidx*)
 .ARM.exidx     0x000017ac        0x8 c:/freescale/kds_v3/toolchain/bin/../lib/gcc/arm-none-eabi/4.8.4/../../../../arm-none-eabi/lib/armv7e-m/crt0.o
                0x000017b4                __exidx_end = .

.rel.dyn        0x000017b4        0x0
 .rel.iplt      0x00000000        0x0 c:/freescale/kds_v3/toolchain/bin/../lib/gcc/arm-none-eabi/4.8.4/armv7e-m/crtbegin.o

.ctors          0x000017b4        0x0
                0x000017b4                __CTOR_LIST__ = .
 *crtbegin.o(.ctors)
 *(EXCLUDE_FILE(*crtend.o) .ctors)
 *(SORT(.ctors.*))
 *(.ctors)
                0x000017b4                __CTOR_END__ = .

.dtors          0x000017b4        0x0
                0x000017b4                __DTOR_LIST__ = .
 *crtbegin.o(.dtors)
 *(EXCLUDE_FILE(*crtend.o) .dtors)
 *(SORT(.dtors.*))
 *(.dtors)
                0x000017b4                __DTOR_END__ = .

.preinit_array  0x000017b4        0x0
                0x000017b4                PROVIDE (__preinit_array_start, .)
 *(.preinit_array*)
                0x000017b4                PROVIDE (__preinit_array_end, .)

.init_array     0x000017b4        0x4
                0x000017b4                PROVIDE (__init_array_start, .)
 *(SORT(.init_array.*))
 *(.init_array*)
 .init_array    0x000017b4        0x4 c:/freescale/kds_v3/toolchain/bin/../lib/gcc/arm-none-eabi/4.8.4/armv7e-m/crtbegin.o
                0x000017b8                PROVIDE (__init_array_end, .)

.fini_array     0x000017b8        0x4
                0x000017b8                PROVIDE (__fini_array_start, .)
 *(SORT(.fini_array.*))
 *(.fini_array*)
 .fini_array    0x000017b8        0x4 c:/freescale/kds_v3/toolchain/bin/../lib/gcc/arm-none-eabi/4.8.4/armv7e-m/crtbegin.o
                0x000017bc                PROVIDE (__fini_array_end, .)
                0x000017bc                ___ROM_AT = .

.data           0x1fffe000       0x60 load address 0x000017bc
                0x1fffe000                . = ALIGN (0x4)
                0x1fffe000                _sdata = .
 *(.data)
 *(.data*)
 .data.impure_data
                0x1fffe000       0x60 c:/freescale/kds_v3/toolchain/bin/../lib/gcc/arm-none-eabi/4.8.4/../../../../arm-none-eabi/lib/armv7e-m\libg_s.a(lib_a-impure.o)
                0x1fffe060                . = ALIGN (0x4)
                0x1fffe060                _edata = .
                0x00000060                ___data_size = (_edata - _sdata)
                0x0000181c                ___m_data_20000000_ROMStart = (___ROM_AT + SIZEOF (.data))

.jcr            0x1fffe060        0x0 load address 0x0000181c
 .jcr           0x1fffe060        0x0 c:/freescale/kds_v3/toolchain/bin/../lib/gcc/arm-none-eabi/4.8.4/armv7e-m/crtbegin.o

.igot.plt       0x1fffe060        0x0 load address 0x0000181c
 .igot.plt      0x00000000        0x0 c:/freescale/kds_v3/toolchain/bin/../lib/gcc/arm-none-eabi/4.8.4/armv7e-m/crtbegin.o

.m_data_20000000
                0x20000000        0x0 load address 0x0000181c
                0x20000000                . = ALIGN (0x4)
                0x20000000                ___m_data_20000000_RAMStart = .
 *(.m_data_20000000)
                0x20000000                ___m_data_20000000_RAMEnd = .
                0x20000000                . = ALIGN (0x4)
                0x00000000                ___m_data_20000000_ROMSize = (___m_data_20000000_RAMEnd - ___m_data_20000000_RAMStart)
                0x20000000                . = ALIGN (0x4)

.bss            0x1fffe060       0x74 load address 0x0000181c
                0x1fffe060                __START_BSS = .
                0x1fffe060                PROVIDE (__bss_start__, __START_BSS)
 *(.bss)
 .bss           0x1fffe060       0x1c c:/freescale/kds_v3/toolchain/bin/../lib/gcc/arm-none-eabi/4.8.4/armv7e-m/crtbegin.o
 *(.bss*)
 .bss.DeviceDataPrv__DEFAULT_RTOS_ALLOC
                0x1fffe07c       0x20 ./Generated_Code/ASerialLdd1.o
 .bss.ChrTemp   0x1fffe09c        0x1 ./Generated_Code/CI2C1.o
 *fill*         0x1fffe09d        0x1 
 .bss.SerFlag   0x1fffe09e        0x2 ./Generated_Code/Inhr1.o
 .bss.BufferRead
                0x1fffe0a0        0x1 ./Generated_Code/Inhr1.o
 *fill*         0x1fffe0a1        0x3 
 .bss.DeviceDataPrv__DEFAULT_RTOS_ALLOC
                0x1fffe0a4       0x1c ./Generated_Code/IntI2cLdd1.o
 .bss.PE_LDD_DeviceDataList
                0x1fffe0c0        0x8 ./Generated_Code/PE_LDD.o
                0x1fffe0c0                PE_LDD_DeviceDataList
 *(COMMON)
 COMMON         0x1fffe0c8        0x6 ./Generated_Code/CI2C1.o
                0x1fffe0c8                IntI2cLdd1_DeviceDataPtr
                0x1fffe0cc                CI2C1_SndRcvTemp
 *fill*         0x1fffe0ce        0x2 
 COMMON         0x1fffe0d0        0x4 ./Generated_Code/Inhr1.o
                0x1fffe0d0                ASerialLdd1_DeviceDataPtr
                0x1fffe0d4                . = ALIGN (0x4)
                0x1fffe0d4                __END_BSS = .
                0x1fffe0d4                PROVIDE (__bss_end__, __END_BSS)
                0x0000181c                _romp_at = ((___ROM_AT + SIZEOF (.data)) + SIZEOF (.m_data_20000000))

.romp           0x1fffe0d4       0x24 load address 0x0000181c
                0x0000181c                __S_romp = _romp_at
                0x1fffe0d4        0x4 LONG 0x17bc ___ROM_AT
                0x1fffe0d8        0x4 LONG 0x1fffe000 _sdata
                0x1fffe0dc        0x4 LONG 0x60 ___data_size
                0x1fffe0e0        0x4 LONG 0x181c ___m_data_20000000_ROMStart
                0x1fffe0e4        0x4 LONG 0x20000000 ___m_data_20000000_RAMStart
                0x1fffe0e8        0x4 LONG 0x0 ___m_data_20000000_ROMSize
                0x1fffe0ec        0x4 LONG 0x0
                0x1fffe0f0        0x4 LONG 0x0
                0x1fffe0f4        0x4 LONG 0x0
                0x00020000                text_end = (ORIGIN (m_text) + 0x1fbf0)
                0x00001840                data_init_end = ((___m_data_20000000_ROMStart + SIZEOF (.m_data_20000000)) + SIZEOF (.romp))
                0x00000001                ASSERT ((data_init_end <= text_end), region m_text overflowed with text and data)

._user_heap_stack
                0x1fffe0f8      0x400 load address 0x00001840
                0x1fffe0f8                . = ALIGN (0x4)
                0x1fffe0f8                PROVIDE (end, .)
                0x1fffe0f8                PROVIDE (_end, .)
                0x1fffe0f8                PROVIDE (__end__, .)
                0x1fffe0f8                __heap_addr = .
                0x1fffe0f8                __HeapBase = .
                0x1fffe0f8                . = (. + __heap_size)
                0x1fffe0f8                __HeapLimit = .
                0x1fffe4f8                . = (. + __stack_size)
 *fill*         0x1fffe0f8      0x400 
                0x1fffe4f8                . = ALIGN (0x4)

.ARM.attributes
                0x00000000       0x2a
 *(.ARM.attributes)
 .ARM.attributes
                0x00000000       0x1e c:/freescale/kds_v3/toolchain/bin/../lib/gcc/arm-none-eabi/4.8.4/armv7e-m/crti.o
 .ARM.attributes
                0x0000001e       0x2e c:/freescale/kds_v3/toolchain/bin/../lib/gcc/arm-none-eabi/4.8.4/armv7e-m/crtbegin.o
 .ARM.attributes
                0x0000004c       0x1c c:/freescale/kds_v3/toolchain/bin/../lib/gcc/arm-none-eabi/4.8.4/../../../../arm-none-eabi/lib/armv7e-m/crt0.o
 .ARM.attributes
                0x00000068       0x33 ./Sources/Events.o
 .ARM.attributes
                0x0000009b       0x33 ./Sources/main.o
 .ARM.attributes
                0x000000ce       0x33 ./Project_Settings/Startup_Code/startup.o
 .ARM.attributes
                0x00000101       0x33 ./Generated_Code/ASerialLdd1.o
 .ARM.attributes
                0x00000134       0x33 ./Generated_Code/CI2C1.o
 .ARM.attributes
                0x00000167       0x33 ./Generated_Code/Cpu.o
 .ARM.attributes
                0x0000019a       0x33 ./Generated_Code/Inhr1.o
 .ARM.attributes
                0x000001cd       0x33 ./Generated_Code/IntI2cLdd1.o
 .ARM.attributes
                0x00000200       0x33 ./Generated_Code/PE_LDD.o
 .ARM.attributes
                0x00000233       0x33 ./Generated_Code/Vectors.o
 .ARM.attributes
                0x00000266       0x33 ./Generated_Code/WAIT1.o
 .ARM.attributes
                0x00000299       0x2e c:/freescale/kds_v3/toolchain/bin/../lib/gcc/arm-none-eabi/4.8.4/../../../../arm-none-eabi/lib/armv7e-m\libg_s.a(lib_a-exit.o)
 .ARM.attributes
                0x000002c7       0x2e c:/freescale/kds_v3/toolchain/bin/../lib/gcc/arm-none-eabi/4.8.4/../../../../arm-none-eabi/lib/armv7e-m\libg_s.a(lib_a-impure.o)
 .ARM.attributes
                0x000002f5       0x2e c:/freescale/kds_v3/toolchain/bin/../lib/gcc/arm-none-eabi/4.8.4/../../../../arm-none-eabi/lib/armv7e-m\libg_s.a(lib_a-init.o)
 .ARM.attributes
                0x00000323       0x2e c:/freescale/kds_v3/toolchain/bin/../lib/gcc/arm-none-eabi/4.8.4/../../../../arm-none-eabi/lib/armv7e-m\libg_s.a(lib_a-memset.o)
 .ARM.attributes
                0x00000351       0x2e c:/freescale/kds_v3/toolchain/bin/../lib/gcc/arm-none-eabi/4.8.4/../../../../arm-none-eabi/lib/armv7e-m\libnosys.a(_exit.o)
 .ARM.attributes
                0x0000037f       0x1e c:/freescale/kds_v3/toolchain/bin/../lib/gcc/arm-none-eabi/4.8.4/armv7e-m/crtn.o
OUTPUT(mpu6050.elf elf32-littlearm)

.debug_info     0x00000000     0x29f2
 .debug_info    0x00000000       0x96 ./Sources/Events.o
 .debug_info    0x00000096      0x1b2 ./Sources/main.o
 .debug_info    0x00000248      0x20a ./Project_Settings/Startup_Code/startup.o
 .debug_info    0x00000452      0x939 ./Generated_Code/ASerialLdd1.o
 .debug_info    0x00000d8b      0x30b ./Generated_Code/CI2C1.o
 .debug_info    0x00001096      0x9e9 ./Generated_Code/Cpu.o
 .debug_info    0x00001a7f      0x20b ./Generated_Code/Inhr1.o
 .debug_info    0x00001c8a      0x8c1 ./Generated_Code/IntI2cLdd1.o
 .debug_info    0x0000254b      0x251 ./Generated_Code/PE_LDD.o
 .debug_info    0x0000279c      0x10e ./Generated_Code/Vectors.o
 .debug_info    0x000028aa      0x148 ./Generated_Code/WAIT1.o

.debug_abbrev   0x00000000      0xb54
 .debug_abbrev  0x00000000       0x45 ./Sources/Events.o
 .debug_abbrev  0x00000045       0x97 ./Sources/main.o
 .debug_abbrev  0x000000dc      0x11e ./Project_Settings/Startup_Code/startup.o
 .debug_abbrev  0x000001fa      0x1c3 ./Generated_Code/ASerialLdd1.o
 .debug_abbrev  0x000003bd      0x124 ./Generated_Code/CI2C1.o
 .debug_abbrev  0x000004e1      0x178 ./Generated_Code/Cpu.o
 .debug_abbrev  0x00000659      0x117 ./Generated_Code/Inhr1.o
 .debug_abbrev  0x00000770      0x182 ./Generated_Code/IntI2cLdd1.o
 .debug_abbrev  0x000008f2      0x10d ./Generated_Code/PE_LDD.o
 .debug_abbrev  0x000009ff       0xa4 ./Generated_Code/Vectors.o
 .debug_abbrev  0x00000aa3       0xb1 ./Generated_Code/WAIT1.o

.debug_aranges  0x00000000      0x2a8
 .debug_aranges
                0x00000000       0x20 ./Sources/Events.o
 .debug_aranges
                0x00000020       0x20 ./Sources/main.o
 .debug_aranges
                0x00000040       0x50 ./Project_Settings/Startup_Code/startup.o
 .debug_aranges
                0x00000090       0x58 ./Generated_Code/ASerialLdd1.o
 .debug_aranges
                0x000000e8       0x40 ./Generated_Code/CI2C1.o
 .debug_aranges
                0x00000128       0x40 ./Generated_Code/Cpu.o
 .debug_aranges
                0x00000168       0x48 ./Generated_Code/Inhr1.o
 .debug_aranges
                0x000001b0       0x70 ./Generated_Code/IntI2cLdd1.o
 .debug_aranges
                0x00000220       0x30 ./Generated_Code/PE_LDD.o
 .debug_aranges
                0x00000250       0x18 ./Generated_Code/Vectors.o
 .debug_aranges
                0x00000268       0x40 ./Generated_Code/WAIT1.o

.debug_ranges   0x00000000      0x1f0
 .debug_ranges  0x00000000       0x10 ./Sources/Events.o
 .debug_ranges  0x00000010       0x10 ./Sources/main.o
 .debug_ranges  0x00000020       0x40 ./Project_Settings/Startup_Code/startup.o
 .debug_ranges  0x00000060       0x48 ./Generated_Code/ASerialLdd1.o
 .debug_ranges  0x000000a8       0x30 ./Generated_Code/CI2C1.o
 .debug_ranges  0x000000d8       0x30 ./Generated_Code/Cpu.o
 .debug_ranges  0x00000108       0x38 ./Generated_Code/Inhr1.o
 .debug_ranges  0x00000140       0x60 ./Generated_Code/IntI2cLdd1.o
 .debug_ranges  0x000001a0       0x20 ./Generated_Code/PE_LDD.o
 .debug_ranges  0x000001c0       0x30 ./Generated_Code/WAIT1.o

.debug_macro    0x00000000    0x18c83
 .debug_macro   0x00000000       0xf9 ./Sources/Events.o
 .debug_macro   0x000000f9      0x84a ./Sources/Events.o
 .debug_macro   0x00000943       0x16 ./Sources/Events.o
 .debug_macro   0x00000959       0x44 ./Sources/Events.o
 .debug_macro   0x0000099d      0x209 ./Sources/Events.o
 .debug_macro   0x00000ba6     0x1664 ./Sources/Events.o
 .debug_macro   0x0000220a      0x14e ./Sources/Events.o
 .debug_macro   0x00002358       0x6a ./Sources/Events.o
 .debug_macro   0x000023c2     0x9b9f ./Sources/Events.o
 .debug_macro   0x0000bf61       0x94 ./Sources/Events.o
 .debug_macro   0x0000bff5       0x58 ./Sources/Events.o
 .debug_macro   0x0000c04d       0x3d ./Sources/Events.o
 .debug_macro   0x0000c08a       0x5e ./Sources/Events.o
 .debug_macro   0x0000c0e8       0x11 ./Sources/Events.o
 .debug_macro   0x0000c0f9      0x102 ./Sources/main.o
 .debug_macro   0x0000c1fb      0x1d2 ./Sources/main.o
 .debug_macro   0x0000c3cd      0x121 ./Project_Settings/Startup_Code/startup.o
 .debug_macro   0x0000c4ee       0x58 ./Project_Settings/Startup_Code/startup.o
 .debug_macro   0x0000c546       0x35 ./Project_Settings/Startup_Code/startup.o
 .debug_macro   0x0000c57b       0xa3 ./Project_Settings/Startup_Code/startup.o
 .debug_macro   0x0000c61e      0x166 ./Project_Settings/Startup_Code/startup.o
 .debug_macro   0x0000c784       0x4a ./Project_Settings/Startup_Code/startup.o
 .debug_macro   0x0000c7ce       0x52 ./Project_Settings/Startup_Code/startup.o
 .debug_macro   0x0000c820       0x16 ./Project_Settings/Startup_Code/startup.o
 .debug_macro   0x0000c836       0x43 ./Project_Settings/Startup_Code/startup.o
 .debug_macro   0x0000c879      0x180 ./Project_Settings/Startup_Code/startup.o
 .debug_macro   0x0000c9f9      0x2a6 ./Project_Settings/Startup_Code/startup.o
 .debug_macro   0x0000cc9f       0x10 ./Project_Settings/Startup_Code/startup.o
 .debug_macro   0x0000ccaf       0x35 ./Project_Settings/Startup_Code/startup.o
 .debug_macro   0x0000cce4       0x16 ./Project_Settings/Startup_Code/startup.o
 .debug_macro   0x0000ccfa       0x22 ./Project_Settings/Startup_Code/startup.o
 .debug_macro   0x0000cd1c       0x10 ./Project_Settings/Startup_Code/startup.o
 .debug_macro   0x0000cd2c      0x20f ./Project_Settings/Startup_Code/startup.o
 .debug_macro   0x0000cf3b     0x9b93 ./Project_Settings/Startup_Code/startup.o
 .debug_macro   0x00016ace       0xc5 ./Generated_Code/ASerialLdd1.o
 .debug_macro   0x00016b93       0x58 ./Generated_Code/ASerialLdd1.o
 .debug_macro   0x00016beb       0x17 ./Generated_Code/ASerialLdd1.o
 .debug_macro   0x00016c02       0x94 ./Generated_Code/ASerialLdd1.o
 .debug_macro   0x00016c96      0x7ab ./Generated_Code/ASerialLdd1.o
 .debug_macro   0x00017441      0x9b1 ./Generated_Code/ASerialLdd1.o
 .debug_macro   0x00017df2       0xa7 ./Generated_Code/CI2C1.o
 .debug_macro   0x00017e99       0x9a ./Generated_Code/CI2C1.o
 .debug_macro   0x00017f33      0x108 ./Generated_Code/Cpu.o
 .debug_macro   0x0001803b       0xdf ./Generated_Code/Inhr1.o
 .debug_macro   0x0001811a       0xf0 ./Generated_Code/IntI2cLdd1.o
 .debug_macro   0x0001820a      0x4e4 ./Generated_Code/IntI2cLdd1.o
 .debug_macro   0x000186ee      0x29c ./Generated_Code/IntI2cLdd1.o
 .debug_macro   0x0001898a       0xd8 ./Generated_Code/PE_LDD.o
 .debug_macro   0x00018a62       0xfd ./Generated_Code/Vectors.o
 .debug_macro   0x00018b5f       0x5f ./Generated_Code/Vectors.o
 .debug_macro   0x00018bbe       0x8e ./Generated_Code/WAIT1.o
 .debug_macro   0x00018c4c       0x37 ./Generated_Code/WAIT1.o

.debug_line     0x00000000     0x244d
 .debug_line    0x00000000      0x2cc ./Sources/Events.o
 .debug_line    0x000002cc      0x2fd ./Sources/main.o
 .debug_line    0x000005c9      0x40d ./Project_Settings/Startup_Code/startup.o
 .debug_line    0x000009d6      0x3a0 ./Generated_Code/ASerialLdd1.o
 .debug_line    0x00000d76      0x2e0 ./Generated_Code/CI2C1.o
 .debug_line    0x00001056      0x421 ./Generated_Code/Cpu.o
 .debug_line    0x00001477      0x2a7 ./Generated_Code/Inhr1.o
 .debug_line    0x0000171e      0x458 ./Generated_Code/IntI2cLdd1.o
 .debug_line    0x00001b76      0x2a7 ./Generated_Code/PE_LDD.o
 .debug_line    0x00001e1d      0x39e ./Generated_Code/Vectors.o
 .debug_line    0x000021bb      0x292 ./Generated_Code/WAIT1.o

.debug_str      0x00000000    0x57ab1
 .debug_str     0x00000000    0x3f3d6 ./Sources/Events.o
                              0x3f520 (size before relaxing)
 .debug_str     0x0003f3d6      0x4b5 ./Sources/main.o
                              0x3f9bd (size before relaxing)
 .debug_str     0x0003f88b     0x25f1 ./Project_Settings/Startup_Code/startup.o
                              0x3a1f7 (size before relaxing)
 .debug_str     0x00041e7c     0xec30 ./Generated_Code/ASerialLdd1.o
                              0x4db76 (size before relaxing)
 .debug_str     0x00050aac      0x164 ./Generated_Code/CI2C1.o
                              0x3f167 (size before relaxing)
 .debug_str     0x00050c10      0x293 ./Generated_Code/Cpu.o
                              0x3f8dd (size before relaxing)
 .debug_str     0x00050ea3      0x17a ./Generated_Code/Inhr1.o
                              0x3f0f4 (size before relaxing)
 .debug_str     0x0005101d     0x6876 ./Generated_Code/IntI2cLdd1.o
                              0x45fdb (size before relaxing)
 .debug_str     0x00057893      0x17e ./Generated_Code/PE_LDD.o
                              0x3f6d5 (size before relaxing)
 .debug_str     0x00057a11       0x1c ./Generated_Code/Vectors.o
                              0x3f568 (size before relaxing)
 .debug_str     0x00057a2d       0x84 ./Generated_Code/WAIT1.o
                              0x3f15a (size before relaxing)

.comment        0x00000000       0x70
 .comment       0x00000000       0x70 ./Sources/Events.o
                                 0x71 (size before relaxing)
 .comment       0x00000000       0x71 ./Sources/main.o
 .comment       0x00000000       0x71 ./Project_Settings/Startup_Code/startup.o
 .comment       0x00000000       0x71 ./Generated_Code/ASerialLdd1.o
 .comment       0x00000000       0x71 ./Generated_Code/CI2C1.o
 .comment       0x00000000       0x71 ./Generated_Code/Cpu.o
 .comment       0x00000000       0x71 ./Generated_Code/Inhr1.o
 .comment       0x00000000       0x71 ./Generated_Code/IntI2cLdd1.o
 .comment       0x00000000       0x71 ./Generated_Code/PE_LDD.o
 .comment       0x00000000       0x71 ./Generated_Code/Vectors.o
 .comment       0x00000000       0x71 ./Generated_Code/WAIT1.o

.debug_frame    0x00000000      0x6f8
 .debug_frame   0x00000000       0x28 ./Sources/Events.o
 .debug_frame   0x00000028       0x30 ./Sources/main.o
 .debug_frame   0x00000058       0xc0 ./Project_Settings/Startup_Code/startup.o
 .debug_frame   0x00000118      0x100 ./Generated_Code/ASerialLdd1.o
 .debug_frame   0x00000218       0xac ./Generated_Code/CI2C1.o
 .debug_frame   0x000002c4       0xa4 ./Generated_Code/Cpu.o
 .debug_frame   0x00000368       0xc0 ./Generated_Code/Inhr1.o
 .debug_frame   0x00000428      0x148 ./Generated_Code/IntI2cLdd1.o
 .debug_frame   0x00000570       0x64 ./Generated_Code/PE_LDD.o
 .debug_frame   0x000005d4       0x90 ./Generated_Code/WAIT1.o
 .debug_frame   0x00000664       0x28 c:/freescale/kds_v3/toolchain/bin/../lib/gcc/arm-none-eabi/4.8.4/../../../../arm-none-eabi/lib/armv7e-m\libg_s.a(lib_a-exit.o)
 .debug_frame   0x0000068c       0x2c c:/freescale/kds_v3/toolchain/bin/../lib/gcc/arm-none-eabi/4.8.4/../../../../arm-none-eabi/lib/armv7e-m\libg_s.a(lib_a-init.o)
 .debug_frame   0x000006b8       0x20 c:/freescale/kds_v3/toolchain/bin/../lib/gcc/arm-none-eabi/4.8.4/../../../../arm-none-eabi/lib/armv7e-m\libg_s.a(lib_a-memset.o)
 .debug_frame   0x000006d8       0x20 c:/freescale/kds_v3/toolchain/bin/../lib/gcc/arm-none-eabi/4.8.4/../../../../arm-none-eabi/lib/armv7e-m\libnosys.a(_exit.o)
